// Jest Snapshot v1, https://goo.gl/fbAQLP

exports[`Pruebas del componente AddCategory.js Se debe de renderizar el componente correctamente  1`] = `
<form
  onSubmit={[Function]}
>
  <p />
  <input
    onChange={[Function]}
    placeholder="Â¿Que gift desea buscar?"
    type="text"
    value=""
  />
</form>
`;
